
> zyatria-global@1.0.0 build
> astro build

05:26:02 [@astrojs/cloudflare] Enabling sessions with Cloudflare KV with the "SESSION" KV binding.
05:26:02 [@astrojs/cloudflare] If you see the error "Invalid binding `SESSION`" in your build output, you need to add the binding to your wrangler config file.
05:26:02 [WARN] [adapter] Cloudflare does not support sharp at runtime. However, you can configure `imageService: "compile"` to optimize images with sharp on prerendered pages during build time.
05:26:02 [vite] Re-optimizing dependencies because vite config has changed
05:26:02 [content] Syncing content
05:26:02 [content] Synced content
05:26:02 [types] Generated 333ms
05:26:02 [build] output: "server"
05:26:02 [build] mode: "server"
05:26:02 [build] directory: /app/dist/
05:26:02 [build] adapter: @astrojs/cloudflare
05:26:02 [build] Collecting build info...
05:26:02 [build] ✓ Completed in 389ms.
05:26:02 [build] Building server entrypoints...
05:26:07 [vite] ✓ built in 4.18s
05:26:07 [build] ✓ Completed in 4.22s.

 building client (vite) 
05:26:07 [vite] transforming...
05:26:09 [vite] ✓ 2243 modules transformed.
05:26:09 [vite] rendering chunks...
05:26:09 [vite] computing gzip size...
05:26:09 [vite] dist/_astro/base-url.DVjYrgnb.js                                          0.05 kB │ gzip:  0.07 kB
05:26:09 [vite] dist/_astro/check.DDcU7qBl.js                                             0.30 kB │ gzip:  0.25 kB
05:26:09 [vite] dist/_astro/DemoPage.DQNTPYQE.js                                          0.33 kB │ gzip:  0.23 kB
05:26:09 [vite] dist/_astro/code.QHoTTmO8.js                                              0.35 kB │ gzip:  0.26 kB
05:26:09 [vite] dist/_astro/circle-check.CUQaQpWi.js                                      0.36 kB │ gzip:  0.28 kB
05:26:09 [vite] dist/_astro/MicroAgentsPage.C72mcScb.js                                   0.36 kB │ gzip:  0.24 kB
05:26:09 [vite] dist/_astro/circle-check-big.AKB3FWed.js                                  0.37 kB │ gzip:  0.29 kB
05:26:09 [vite] dist/_astro/KnowledgeBasePage.tO8oQxE8.js                                 0.40 kB │ gzip:  0.26 kB
05:26:09 [vite] dist/_astro/target.BOfyoESb.js                                            0.41 kB │ gzip:  0.27 kB
05:26:09 [vite] dist/_astro/TechnologyPage.Y_JybTY-.js                                    0.42 kB │ gzip:  0.27 kB
05:26:09 [vite] dist/_astro/globe.Ba0jTcTA.js                                             0.42 kB │ gzip:  0.30 kB
05:26:09 [vite] dist/_astro/Navigation.t-V8DCVd.js                                        0.44 kB │ gzip:  0.27 kB
05:26:09 [vite] dist/_astro/map-pin.CUN5kRgi.js                                           0.44 kB │ gzip:  0.33 kB
05:26:09 [vite] dist/_astro/zap.C7e8ETD1.js                                               0.45 kB │ gzip:  0.32 kB
05:26:09 [vite] dist/_astro/shield.BMV8rdjW.js                                            0.45 kB │ gzip:  0.34 kB
05:26:09 [vite] dist/_astro/house.Bt6LuaDm.js                                             0.47 kB │ gzip:  0.33 kB
05:26:09 [vite] dist/_astro/bot.7qmEIGM5.js                                               0.51 kB │ gzip:  0.34 kB
05:26:09 [vite] dist/_astro/language-context.lAV1M_os.js                                  0.56 kB │ gzip:  0.36 kB
05:26:09 [vite] dist/_astro/textarea.juskyDHe.js                                          0.66 kB │ gzip:  0.41 kB
05:26:09 [vite] dist/_astro/jsx-runtime.D_zvdyIk.js                                       0.73 kB │ gzip:  0.46 kB
05:26:09 [vite] dist/_astro/input.nFiTfp9E.js                                             0.85 kB │ gzip:  0.47 kB
05:26:09 [vite] dist/_astro/calendar.DQ8DSdIT.js                                          0.86 kB │ gzip:  0.45 kB
05:26:09 [vite] dist/_astro/workflow.qr42h0kw.js                                          1.15 kB │ gzip:  0.52 kB
05:26:09 [vite] dist/_astro/users.BhVlPIgY.js                                             1.17 kB │ gzip:  0.48 kB
05:26:09 [vite] dist/_astro/FormspreeButton.DcLGXTZ3.js                                   1.58 kB │ gzip:  0.74 kB
05:26:09 [vite] dist/_astro/client.Cp9UR4bI.js                                            1.77 kB │ gzip:  0.90 kB
05:26:09 [vite] dist/_astro/createLucideIcon.DH2r1X2F.js                                  1.86 kB │ gzip:  0.80 kB
05:26:09 [vite] dist/_astro/badge.D7HsBoYN.js                                             2.03 kB │ gzip:  0.82 kB
05:26:09 [vite] dist/_astro/video.BHlf18Yi.js                                             3.05 kB │ gzip:  0.91 kB
05:26:09 [vite] dist/_astro/tabs.D1pIXlSx.js                                              3.54 kB │ gzip:  1.53 kB
05:26:09 [vite] dist/_astro/index.BSy9ry4M.js                                             3.89 kB │ gzip:  1.52 kB
05:26:09 [vite] dist/_astro/ServicesPage.I3xrriT8.js                                      4.58 kB │ gzip:  1.85 kB
05:26:09 [vite] dist/_astro/Navigation.CxnY_Fl2.js                                        5.76 kB │ gzip:  1.77 kB
05:26:09 [vite] dist/_astro/DemoPage.CDobF97m.js                                          6.01 kB │ gzip:  2.32 kB
05:26:09 [vite] dist/_astro/PricingPage.BWJ6as82.js                                       6.25 kB │ gzip:  2.37 kB
05:26:09 [vite] dist/_astro/AboutPage.hxUpImLE.js                                         6.52 kB │ gzip:  2.06 kB
05:26:09 [vite] dist/_astro/Footer.GGZ8lzms.js                                            6.62 kB │ gzip:  2.01 kB
05:26:09 [vite] dist/_astro/MicroAgentsPage.b29QHole.js                                   6.77 kB │ gzip:  2.34 kB
05:26:09 [vite] dist/_astro/index.GzzYzsTh.js                                             8.40 kB │ gzip:  3.28 kB
05:26:09 [vite] dist/_astro/index.t8LR1MfU.js                                             9.86 kB │ gzip:  3.96 kB
05:26:09 [vite] dist/_astro/DashboardLayout.CGsQTTCc.js                                  10.63 kB │ gzip:  3.84 kB
05:26:09 [vite] dist/_astro/TechnicalDocsPage.DHAp9V3d.js                                17.94 kB │ gzip:  5.51 kB
05:26:09 [vite] dist/_astro/KnowledgeBasePage.CBJYa0N2.js                                18.26 kB │ gzip:  5.37 kB
05:26:09 [vite] dist/_astro/TechnologyPage.DdqqyQuN.js                                   26.23 kB │ gzip:  7.35 kB
05:26:09 [vite] dist/_astro/button.BVkOp3Zd.js                                           28.85 kB │ gzip:  9.52 kB
05:26:09 [vite] dist/_astro/dropdown-menu.CE-5C0X8.js                                    67.06 kB │ gzip: 22.90 kB
05:26:09 [vite] dist/_astro/dashboard.astro_astro_type_script_index_0_lang.CWk5kdrZ.js  119.70 kB │ gzip: 34.99 kB
05:26:09 [vite] dist/_astro/client.DIERX6By.js                                          173.81 kB │ gzip: 54.95 kB
05:26:09 [vite] dist/_astro/AppWrapper.K7rOvtsQ.js                                      190.12 kB │ gzip: 53.01 kB
05:26:09 [vite] ✓ built in 2.96s

 prerendering static routes 
05:26:10 ✓ Completed in 26ms.

05:26:10 [build] Rearranging server assets...
05:26:10 [build] Server built in 7.64s
05:26:10 [build] Complete!
